#1 [internal] load local bake definitions
#1 reading from stdin 639B done
#1 DONE 0.0s

#2 [internal] load build definition from Dockerfile.open-code-review
#2 transferring dockerfile: 917B 0.0s done
#2 DONE -0.8s

#3 [internal] load metadata for docker.io/library/golang:1.25.5-bookworm
#3 ...

#4 [internal] load metadata for docker.io/library/debian:bookworm-slim
#4 DONE 1.1s

#3 [internal] load metadata for docker.io/library/golang:1.25.5-bookworm
#3 DONE 1.1s

#5 [internal] load .dockerignore
#5 transferring context: 2B done
#5 DONE 0.0s

#6 [builder 1/6] FROM docker.io/library/golang:1.25.5-bookworm@sha256:d9132cce84391efab786495288756d60e1da215b1f94e87860aeefc3d4c45b6d
#6 resolve docker.io/library/golang:1.25.5-bookworm@sha256:d9132cce84391efab786495288756d60e1da215b1f94e87860aeefc3d4c45b6d 0.0s done
#6 DONE 0.1s

#7 [stage-1 1/6] FROM docker.io/library/debian:bookworm-slim@sha256:7b140f374b289a7c2befc338f42ebe6441b7ea838a042bbd5acbfca6ec875818
#7 resolve docker.io/library/debian:bookworm-slim@sha256:7b140f374b289a7c2befc338f42ebe6441b7ea838a042bbd5acbfca6ec875818 0.0s done
#7 DONE 0.1s

#8 [internal] load build context
#8 transferring context: 88.16MB 3.9s done
#8 DONE 3.9s

#9 [builder 2/6] WORKDIR /src
#9 CACHED

#10 [builder 3/6] COPY scanner-src/open-code-review/go.mod scanner-src/open-code-review/go.sum ./
#10 CACHED

#11 [builder 4/6] RUN go mod download
#11 CACHED

#12 [builder 5/6] COPY scanner-src/open-code-review ./
#12 DONE 2.5s

#13 [builder 6/6] RUN CGO_ENABLED=0 go build -trimpath -ldflags="-s -w" -o /out/ocr ./cmd/opencodereview
#13 DONE 52.0s

#14 [stage-1 2/6] RUN apt-get update     && apt-get install -y --no-install-recommends ca-certificates git iptables     && rm -rf /var/lib/apt/lists/*
#14 CACHED

#15 [stage-1 3/6] COPY --from=builder /out/ocr /usr/local/bin/ocr
#15 DONE 0.5s

#16 [stage-1 4/6] COPY harness/configs/ocr-entrypoint.sh /usr/local/bin/ocr-entrypoint
#16 DONE 0.1s

#17 [stage-1 5/6] RUN chmod 0555 /usr/local/bin/ocr /usr/local/bin/ocr-entrypoint
#17 DONE 0.6s

#18 [stage-1 6/6] WORKDIR /source
#18 DONE 0.1s

#19 exporting to image
#19 exporting layers
#19 exporting layers 4.4s done
#19 exporting manifest sha256:25116b9e1a0e2514af6c4a533a738246ed02ce74d9dd209be517078c9a701d6a 0.0s done
#19 exporting config sha256:1fb839eea362a174edd0832f23f3e4568519a0480480df62eaa905fff7e31535 0.0s done
#19 exporting attestation manifest sha256:46b3353faffb725874635e586846ad8ee666e2373f9621b1907f37614b7033e2 0.0s done
#19 exporting manifest list sha256:3268d720a20163b6b26e74b1a468ecb969397c80396dc34d2ac99992051e4d86
#19 exporting manifest list sha256:3268d720a20163b6b26e74b1a468ecb969397c80396dc34d2ac99992051e4d86 0.0s done
#19 naming to docker.io/library/sast-benchmark-open-code-review:69e68a9 done
#19 unpacking to docker.io/library/sast-benchmark-open-code-review:69e68a9
#19 unpacking to docker.io/library/sast-benchmark-open-code-review:69e68a9 0.8s done
#19 DONE 5.5s

#20 resolving provenance for metadata file
#20 DONE 0.1s
 sast-benchmark-open-code-review:69e68a9  Built
